INFO:     Will watch for changes in these directories: ['/home/dev/Documentos/Stackwise']
INFO:     Uvicorn running on http://0.0.0.0:8001 (Press CTRL+C to quit)
INFO:     Started reloader process [17314] using WatchFiles
INFO:     Started server process [17317]
INFO:     Waiting for application startup.
INFO:     Application startup complete.
INFO:     127.0.0.1:60970 - "POST /auth/register HTTP/1.1" 404 Not Found
2026-10-01 14:01:24,335 INFO sqlalchemy.engine.Engine BEGIN (implicit)
2026-10-01 14:01:24,342 INFO sqlalchemy.engine.Engine SELECT users.id, users.email, users.password_hash, users.created_at, users.updated_at 
FROM users 
WHERE users.email = ?
2026-10-01 14:01:24,342 INFO sqlalchemy.engine.Engine [generated in 0.00024s] ('test@example.com',)
(trapped) error reading bcrypt version
Traceback (most recent call last):
  File "/home/dev/Documentos/Stackwise/venv/lib/python3.14/site-packages/passlib/handlers/bcrypt.py", line 620, in _load_backend_mixin
    version = _bcrypt.__about__.__version__
              ^^^^^^^^^^^^^^^^^
AttributeError: module 'bcrypt' has no attribute '__about__'
2026-10-01 14:01:24,348 INFO sqlalchemy.engine.Engine ROLLBACK
INFO:     127.0.0.1:52072 - "POST /api/v1/auth/register HTTP/1.1" 500 Internal Server Error
ERROR:    Exception in ASGI application
Traceback (most recent call last):
  File "/home/dev/Documentos/Stackwise/venv/lib/python3.14/site-packages/uvicorn/protocols/http/httptools_impl.py", line 422, in run_asgi
    result = await app(  # type: ignore[func-returns-value]
             ^^^^^^^^^^^^^^^^^^^^^^^^^^^^^^^^^^^^^^^^^^^^^^
        self.scope, self.receive, self.send
        ^^^^^^^^^^^^^^^^^^^^^^^^^^^^^^^^^^^
    )
    ^
  File "/home/dev/Documentos/Stackwise/venv/lib/python3.14/site-packages/uvicorn/middleware/proxy_headers.py", line 63, in __call__
    return await self.app(scope, receive, send)
           ^^^^^^^^^^^^^^^^^^^^^^^^^^^^^^^^^^^^
  File "/home/dev/Documentos/Stackwise/venv/lib/python3.14/site-packages/fastapi/applications.py", line 1215, in __call__
    await super().__call__(scope, receive, send)
  File "/home/dev/Documentos/Stackwise/venv/lib/python3.14/site-packages/starlette/applications.py", line 96, in __call__
    await self.middleware_stack(scope, receive, send)
  File "/home/dev/Documentos/Stackwise/venv/lib/python3.14/site-packages/starlette/middleware/errors.py", line 186, in __call__
    raise exc
  File "/home/dev/Documentos/Stackwise/venv/lib/python3.14/site-packages/starlette/middleware/errors.py", line 164, in __call__
    await self.app(scope, receive, _send)
  File "/home/dev/Documentos/Stackwise/venv/lib/python3.14/site-packages/fastapi/telemetry/_asgi.py", line 151, in __call__
    await self.app(scope, receive, send)
  File "/home/dev/Documentos/Stackwise/venv/lib/python3.14/site-packages/starlette/middleware/cors.py", line 91, in __call__
    await self.simple_response(scope, receive, send, request_headers=headers)
  File "/home/dev/Documentos/Stackwise/venv/lib/python3.14/site-packages/starlette/middleware/cors.py", line 149, in simple_response
    await self.app(scope, receive, send)
  File "/home/dev/Documentos/Stackwise/venv/lib/python3.14/site-packages/starlette/middleware/exceptions.py", line 63, in __call__
    await wrap_app_handling_exceptions(self.app, conn)(scope, receive, send)
  File "/home/dev/Documentos/Stackwise/venv/lib/python3.14/site-packages/starlette/_exception_handler.py", line 53, in wrapped_app
    raise exc
  File "/home/dev/Documentos/Stackwise/venv/lib/python3.14/site-packages/starlette/_exception_handler.py", line 42, in wrapped_app
    await app(scope, receive, sender)
  File "/home/dev/Documentos/Stackwise/venv/lib/python3.14/site-packages/fastapi/middleware/asyncexitstack.py", line 18, in __call__
    await self.app(scope, receive, send)
  File "/home/dev/Documentos/Stackwise/venv/lib/python3.14/site-packages/starlette/routing.py", line 676, in __call__
    await self.middleware_stack(scope, receive, send)
  File "/home/dev/Documentos/Stackwise/venv/lib/python3.14/site-packages/fastapi/routing.py", line 2786, in app
    await route.handle(scope, receive, send)
  File "/home/dev/Documentos/Stackwise/venv/lib/python3.14/site-packages/fastapi/routing.py", line 1817, in handle
    await self.original_router.handle(scope, receive, send)
  File "/home/dev/Documentos/Stackwise/venv/lib/python3.14/site-packages/fastapi/routing.py", line 2869, in handle
    await included_router._handle_selected(scope, receive, send)
  File "/home/dev/Documentos/Stackwise/venv/lib/python3.14/site-packages/fastapi/routing.py", line 1828, in _handle_selected
    await route.handle(scope, receive, send)
  File "/home/dev/Documentos/Stackwise/venv/lib/python3.14/site-packages/fastapi/routing.py", line 1817, in handle
    await self.original_router.handle(scope, receive, send)
  File "/home/dev/Documentos/Stackwise/venv/lib/python3.14/site-packages/fastapi/routing.py", line 2869, in handle
    await included_router._handle_selected(scope, receive, send)
  File "/home/dev/Documentos/Stackwise/venv/lib/python3.14/site-packages/fastapi/routing.py", line 1843, in _handle_selected
    await original_route.handle(scope, receive, send)
  File "/home/dev/Documentos/Stackwise/venv/lib/python3.14/site-packages/fastapi/routing.py", line 1308, in handle
    await effective_context.app(scope, receive, send)
  File "/home/dev/Documentos/Stackwise/venv/lib/python3.14/site-packages/fastapi/routing.py", line 165, in app
    await wrap_app_handling_exceptions(app, request)(scope, receive, send)
  File "/home/dev/Documentos/Stackwise/venv/lib/python3.14/site-packages/starlette/_exception_handler.py", line 53, in wrapped_app
    raise exc
  File "/home/dev/Documentos/Stackwise/venv/lib/python3.14/site-packages/starlette/_exception_handler.py", line 42, in wrapped_app
    await app(scope, receive, sender)
  File "/home/dev/Documentos/Stackwise/venv/lib/python3.14/site-packages/fastapi/routing.py", line 151, in app
    response = await f(request)
               ^^^^^^^^^^^^^^^^
  File "/home/dev/Documentos/Stackwise/venv/lib/python3.14/site-packages/fastapi/routing.py", line 727, in app
    raw_response = await run_endpoint_function(
                   ^^^^^^^^^^^^^^^^^^^^^^^^^^^^
    ...<3 lines>...
    )
    ^
  File "/home/dev/Documentos/Stackwise/venv/lib/python3.14/site-packages/fastapi/routing.py", line 360, in run_endpoint_function
    return await dependant.call(**values)
           ^^^^^^^^^^^^^^^^^^^^^^^^^^^^^^
  File "/home/dev/Documentos/Stackwise/app/api/v1/auth.py", line 23, in register
    hashed_password = security.get_password_hash(user_in.password)
  File "/home/dev/Documentos/Stackwise/app/core/security.py", line 15, in get_password_hash
    return pwd_context.hash(password)
           ~~~~~~~~~~~~~~~~^^^^^^^^^^
  File "/home/dev/Documentos/Stackwise/venv/lib/python3.14/site-packages/passlib/context.py", line 2258, in hash
    return record.hash(secret, **kwds)
           ~~~~~~~~~~~^^^^^^^^^^^^^^^^
  File "/home/dev/Documentos/Stackwise/venv/lib/python3.14/site-packages/passlib/utils/handlers.py", line 779, in hash
    self.checksum = self._calc_checksum(secret)
                    ~~~~~~~~~~~~~~~~~~~^^^^^^^^
  File "/home/dev/Documentos/Stackwise/venv/lib/python3.14/site-packages/passlib/handlers/bcrypt.py", line 591, in _calc_checksum
    self._stub_requires_backend()
    ~~~~~~~~~~~~~~~~~~~~~~~~~~~^^
  File "/home/dev/Documentos/Stackwise/venv/lib/python3.14/site-packages/passlib/utils/handlers.py", line 2254, in _stub_requires_backend
    cls.set_backend()
    ~~~~~~~~~~~~~~~^^
  File "/home/dev/Documentos/Stackwise/venv/lib/python3.14/site-packages/passlib/utils/handlers.py", line 2156, in set_backend
    return owner.set_backend(name, dryrun=dryrun)
           ~~~~~~~~~~~~~~~~~^^^^^^^^^^^^^^^^^^^^^
  File "/home/dev/Documentos/Stackwise/venv/lib/python3.14/site-packages/passlib/utils/handlers.py", line 2163, in set_backend
    return cls.set_backend(name, dryrun=dryrun)
           ~~~~~~~~~~~~~~~^^^^^^^^^^^^^^^^^^^^^
  File "/home/dev/Documentos/Stackwise/venv/lib/python3.14/site-packages/passlib/utils/handlers.py", line 2188, in set_backend
    cls._set_backend(name, dryrun)
    ~~~~~~~~~~~~~~~~^^^^^^^^^^^^^^
  File "/home/dev/Documentos/Stackwise/venv/lib/python3.14/site-packages/passlib/utils/handlers.py", line 2311, in _set_backend
    super(SubclassBackendMixin, cls)._set_backend(name, dryrun)
    ~~~~~~~~~~~~~~~~~~~~~~~~~~~~~~~~~~~~~~~~~~~~~^^^^^^^^^^^^^^
  File "/home/dev/Documentos/Stackwise/venv/lib/python3.14/site-packages/passlib/utils/handlers.py", line 2224, in _set_backend
    ok = loader(**kwds)
  File "/home/dev/Documentos/Stackwise/venv/lib/python3.14/site-packages/passlib/handlers/bcrypt.py", line 626, in _load_backend_mixin
    return mixin_cls._finalize_backend_mixin(name, dryrun)
           ~~~~~~~~~~~~~~~~~~~~~~~~~~~~~~~~~^^^^^^^^^^^^^^
  File "/home/dev/Documentos/Stackwise/venv/lib/python3.14/site-packages/passlib/handlers/bcrypt.py", line 421, in _finalize_backend_mixin
    if detect_wrap_bug(IDENT_2A):
       ~~~~~~~~~~~~~~~^^^^^^^^^^
  File "/home/dev/Documentos/Stackwise/venv/lib/python3.14/site-packages/passlib/handlers/bcrypt.py", line 380, in detect_wrap_bug
    if verify(secret, bug_hash):
       ~~~~~~^^^^^^^^^^^^^^^^^^
  File "/home/dev/Documentos/Stackwise/venv/lib/python3.14/site-packages/passlib/utils/handlers.py", line 792, in verify
    return consteq(self._calc_checksum(secret), chk)
                   ~~~~~~~~~~~~~~~~~~~^^^^^^^^
  File "/home/dev/Documentos/Stackwise/venv/lib/python3.14/site-packages/passlib/handlers/bcrypt.py", line 655, in _calc_checksum
    hash = _bcrypt.hashpw(secret, config)
ValueError: password cannot be longer than 72 bytes, truncate manually if necessary (e.g. my_password[:72])
INFO:     127.0.0.1:40588 - "POST /api/v1/auth/register HTTP/1.1" 422 Unprocessable Content
2026-10-01 14:01:43,401 INFO sqlalchemy.engine.Engine BEGIN (implicit)
2026-10-01 14:01:43,402 INFO sqlalchemy.engine.Engine SELECT users.id, users.email, users.password_hash, users.created_at, users.updated_at 
FROM users 
WHERE users.email = ?
2026-10-01 14:01:43,402 INFO sqlalchemy.engine.Engine [cached since 19.06s ago] ('valid@example.com',)
(trapped) error reading bcrypt version
Traceback (most recent call last):
  File "/home/dev/Documentos/Stackwise/venv/lib/python3.14/site-packages/passlib/handlers/bcrypt.py", line 620, in _load_backend_mixin
    version = _bcrypt.__about__.__version__
              ^^^^^^^^^^^^^^^^^
AttributeError: module 'bcrypt' has no attribute '__about__'
2026-10-01 14:01:43,407 INFO sqlalchemy.engine.Engine ROLLBACK
INFO:     127.0.0.1:51346 - "POST /api/v1/auth/register HTTP/1.1" 500 Internal Server Error
ERROR:    Exception in ASGI application
Traceback (most recent call last):
  File "/home/dev/Documentos/Stackwise/venv/lib/python3.14/site-packages/uvicorn/protocols/http/httptools_impl.py", line 422, in run_asgi
    result = await app(  # type: ignore[func-returns-value]
             ^^^^^^^^^^^^^^^^^^^^^^^^^^^^^^^^^^^^^^^^^^^^^^
        self.scope, self.receive, self.send
        ^^^^^^^^^^^^^^^^^^^^^^^^^^^^^^^^^^^
    )
    ^
  File "/home/dev/Documentos/Stackwise/venv/lib/python3.14/site-packages/uvicorn/middleware/proxy_headers.py", line 63, in __call__
    return await self.app(scope, receive, send)
           ^^^^^^^^^^^^^^^^^^^^^^^^^^^^^^^^^^^^
  File "/home/dev/Documentos/Stackwise/venv/lib/python3.14/site-packages/fastapi/applications.py", line 1215, in __call__
    await super().__call__(scope, receive, send)
  File "/home/dev/Documentos/Stackwise/venv/lib/python3.14/site-packages/starlette/applications.py", line 96, in __call__
    await self.middleware_stack(scope, receive, send)
  File "/home/dev/Documentos/Stackwise/venv/lib/python3.14/site-packages/starlette/middleware/errors.py", line 186, in __call__
    raise exc
  File "/home/dev/Documentos/Stackwise/venv/lib/python3.14/site-packages/starlette/middleware/errors.py", line 164, in __call__
    await self.app(scope, receive, _send)
  File "/home/dev/Documentos/Stackwise/venv/lib/python3.14/site-packages/fastapi/telemetry/_asgi.py", line 151, in __call__
    await self.app(scope, receive, send)
  File "/home/dev/Documentos/Stackwise/venv/lib/python3.14/site-packages/starlette/middleware/cors.py", line 91, in __call__
    await self.simple_response(scope, receive, send, request_headers=headers)
  File "/home/dev/Documentos/Stackwise/venv/lib/python3.14/site-packages/starlette/middleware/cors.py", line 149, in simple_response
    await self.app(scope, receive, send)
  File "/home/dev/Documentos/Stackwise/venv/lib/python3.14/site-packages/starlette/middleware/exceptions.py", line 63, in __call__
    await wrap_app_handling_exceptions(self.app, conn)(scope, receive, send)
  File "/home/dev/Documentos/Stackwise/venv/lib/python3.14/site-packages/starlette/_exception_handler.py", line 53, in wrapped_app
    raise exc
  File "/home/dev/Documentos/Stackwise/venv/lib/python3.14/site-packages/starlette/_exception_handler.py", line 42, in wrapped_app
    await app(scope, receive, sender)
  File "/home/dev/Documentos/Stackwise/venv/lib/python3.14/site-packages/fastapi/middleware/asyncexitstack.py", line 18, in __call__
    await self.app(scope, receive, send)
  File "/home/dev/Documentos/Stackwise/venv/lib/python3.14/site-packages/starlette/routing.py", line 676, in __call__
    await self.middleware_stack(scope, receive, send)
  File "/home/dev/Documentos/Stackwise/venv/lib/python3.14/site-packages/fastapi/routing.py", line 2786, in app
    await route.handle(scope, receive, send)
  File "/home/dev/Documentos/Stackwise/venv/lib/python3.14/site-packages/fastapi/routing.py", line 1817, in handle
    await self.original_router.handle(scope, receive, send)
  File "/home/dev/Documentos/Stackwise/venv/lib/python3.14/site-packages/fastapi/routing.py", line 2869, in handle
    await included_router._handle_selected(scope, receive, send)
  File "/home/dev/Documentos/Stackwise/venv/lib/python3.14/site-packages/fastapi/routing.py", line 1828, in _handle_selected
    await route.handle(scope, receive, send)
  File "/home/dev/Documentos/Stackwise/venv/lib/python3.14/site-packages/fastapi/routing.py", line 1817, in handle
    await self.original_router.handle(scope, receive, send)
  File "/home/dev/Documentos/Stackwise/venv/lib/python3.14/site-packages/fastapi/routing.py", line 2869, in handle
    await included_router._handle_selected(scope, receive, send)
  File "/home/dev/Documentos/Stackwise/venv/lib/python3.14/site-packages/fastapi/routing.py", line 1843, in _handle_selected
    await original_route.handle(scope, receive, send)
  File "/home/dev/Documentos/Stackwise/venv/lib/python3.14/site-packages/fastapi/routing.py", line 1308, in handle
    await effective_context.app(scope, receive, send)
  File "/home/dev/Documentos/Stackwise/venv/lib/python3.14/site-packages/fastapi/routing.py", line 165, in app
    await wrap_app_handling_exceptions(app, request)(scope, receive, send)
  File "/home/dev/Documentos/Stackwise/venv/lib/python3.14/site-packages/starlette/_exception_handler.py", line 53, in wrapped_app
    raise exc
  File "/home/dev/Documentos/Stackwise/venv/lib/python3.14/site-packages/starlette/_exception_handler.py", line 42, in wrapped_app
    await app(scope, receive, sender)
  File "/home/dev/Documentos/Stackwise/venv/lib/python3.14/site-packages/fastapi/routing.py", line 151, in app
    response = await f(request)
               ^^^^^^^^^^^^^^^^
  File "/home/dev/Documentos/Stackwise/venv/lib/python3.14/site-packages/fastapi/routing.py", line 727, in app
    raw_response = await run_endpoint_function(
                   ^^^^^^^^^^^^^^^^^^^^^^^^^^^^
    ...<3 lines>...
    )
    ^
  File "/home/dev/Documentos/Stackwise/venv/lib/python3.14/site-packages/fastapi/routing.py", line 360, in run_endpoint_function
    return await dependant.call(**values)
           ^^^^^^^^^^^^^^^^^^^^^^^^^^^^^^
  File "/home/dev/Documentos/Stackwise/app/api/v1/auth.py", line 23, in register
    hashed_password = security.get_password_hash(user_in.password)
  File "/home/dev/Documentos/Stackwise/app/core/security.py", line 15, in get_password_hash
    return pwd_context.hash(password)
           ~~~~~~~~~~~~~~~~^^^^^^^^^^
  File "/home/dev/Documentos/Stackwise/venv/lib/python3.14/site-packages/passlib/context.py", line 2258, in hash
    return record.hash(secret, **kwds)
           ~~~~~~~~~~~^^^^^^^^^^^^^^^^
  File "/home/dev/Documentos/Stackwise/venv/lib/python3.14/site-packages/passlib/utils/handlers.py", line 779, in hash
    self.checksum = self._calc_checksum(secret)
                    ~~~~~~~~~~~~~~~~~~~^^^^^^^^
  File "/home/dev/Documentos/Stackwise/venv/lib/python3.14/site-packages/passlib/handlers/bcrypt.py", line 591, in _calc_checksum
    self._stub_requires_backend()
    ~~~~~~~~~~~~~~~~~~~~~~~~~~~^^
  File "/home/dev/Documentos/Stackwise/venv/lib/python3.14/site-packages/passlib/utils/handlers.py", line 2254, in _stub_requires_backend
    cls.set_backend()
    ~~~~~~~~~~~~~~~^^
  File "/home/dev/Documentos/Stackwise/venv/lib/python3.14/site-packages/passlib/utils/handlers.py", line 2156, in set_backend
    return owner.set_backend(name, dryrun=dryrun)
           ~~~~~~~~~~~~~~~~~^^^^^^^^^^^^^^^^^^^^^
  File "/home/dev/Documentos/Stackwise/venv/lib/python3.14/site-packages/passlib/utils/handlers.py", line 2163, in set_backend
    return cls.set_backend(name, dryrun=dryrun)
           ~~~~~~~~~~~~~~~^^^^^^^^^^^^^^^^^^^^^
  File "/home/dev/Documentos/Stackwise/venv/lib/python3.14/site-packages/passlib/utils/handlers.py", line 2188, in set_backend
    cls._set_backend(name, dryrun)
    ~~~~~~~~~~~~~~~~^^^^^^^^^^^^^^
  File "/home/dev/Documentos/Stackwise/venv/lib/python3.14/site-packages/passlib/utils/handlers.py", line 2311, in _set_backend
    super(SubclassBackendMixin, cls)._set_backend(name, dryrun)
    ~~~~~~~~~~~~~~~~~~~~~~~~~~~~~~~~~~~~~~~~~~~~~^^^^^^^^^^^^^^
  File "/home/dev/Documentos/Stackwise/venv/lib/python3.14/site-packages/passlib/utils/handlers.py", line 2224, in _set_backend
    ok = loader(**kwds)
  File "/home/dev/Documentos/Stackwise/venv/lib/python3.14/site-packages/passlib/handlers/bcrypt.py", line 626, in _load_backend_mixin
    return mixin_cls._finalize_backend_mixin(name, dryrun)
           ~~~~~~~~~~~~~~~~~~~~~~~~~~~~~~~~~^^^^^^^^^^^^^^
  File "/home/dev/Documentos/Stackwise/venv/lib/python3.14/site-packages/passlib/handlers/bcrypt.py", line 421, in _finalize_backend_mixin
    if detect_wrap_bug(IDENT_2A):
       ~~~~~~~~~~~~~~~^^^^^^^^^^
  File "/home/dev/Documentos/Stackwise/venv/lib/python3.14/site-packages/passlib/handlers/bcrypt.py", line 380, in detect_wrap_bug
    if verify(secret, bug_hash):
       ~~~~~~^^^^^^^^^^^^^^^^^^
  File "/home/dev/Documentos/Stackwise/venv/lib/python3.14/site-packages/passlib/utils/handlers.py", line 792, in verify
    return consteq(self._calc_checksum(secret), chk)
                   ~~~~~~~~~~~~~~~~~~~^^^^^^^^
  File "/home/dev/Documentos/Stackwise/venv/lib/python3.14/site-packages/passlib/handlers/bcrypt.py", line 655, in _calc_checksum
    hash = _bcrypt.hashpw(secret, config)
ValueError: password cannot be longer than 72 bytes, truncate manually if necessary (e.g. my_password[:72])
INFO:     Shutting down
INFO:     Waiting for application shutdown.
INFO:     Application shutdown complete.
INFO:     Finished server process [17317]
INFO:     Stopping reloader process [17314]
